
> dstudio-frontend@0.1.0 build
> react-scripts build

(node:19344) [DEP0176] DeprecationWarning: fs.F_OK is deprecated, use fs.constants.F_OK instead
(Use `node --trace-deprecation ...` to show where the warning was created)
Creating an optimized production build...
Compiled with warnings.

[eslint] 
src\components\services\ServiceCard.js
  Line 4:11:  'id_layanan' is assigned a value but never used  no-unused-vars

src\pages\admin\AdminDashboardPage.js
  Line 7:10:  'Loader2' is defined but never used  no-unused-vars

src\pages\admin\AdminServiceFormPage.js
  Line 22:28:  'isLoadingService' is assigned a value but never used  no-unused-vars

src\pages\order\Step3Page.js
  Line 13:34:  'reset' is assigned a value but never used  no-unused-vars

src\pages\order\SuccessPage.js
  Line 5:10:  'ButtonPrimary' is defined but never used    no-unused-vars
  Line 5:25:  'ButtonSecondary' is defined but never used  no-unused-vars

Search for the keywords to learn more about each warning.
To ignore, add // eslint-disable-next-line to the line before.

File sizes after gzip:

  120.11 kB  build\static\js\main.9ee98166.js
  1.76 kB    build\static\js\453.0a54dde9.chunk.js
  328 B      build\static\css\main.5d8673e5.css

The project was built assuming it is hosted at /.
You can control this with the homepage field in your package.json.

The build folder is ready to be deployed.
You may serve it with a static server:

  npm install -g serve
  serve -s build

Find out more about deployment here:

  https://cra.link/deployment

